// Jest Snapshot v1, https://goo.gl/fbAQLP

exports[`Nav possui a mesma estrutura 1`] = `
<nav
  className="en-nav"
>
  <a
    className="en-extra-margin-right"
    href="/sobre"
    name="sobre"
  >
    Sobre
  </a>
  <Botao
    colored={false}
    name="Registrar / Entrar"
    onClick={[Function]}
    outline={true}
    primary={true}
  >
    Registrar / Entrar
  </Botao>
</nav>
`;
